---
source: crates/iota-swarm-config/tests/snapshot_tests.rs
expression: genesis.iota_system_object().into_genesis_version_for_tooling()
---
epoch: 0
protocol_version: 5
system_state_version: 1
iota_treasury_cap:
  inner:
    id:
      id: "0xf7be1ac1789e79cc67596aa8312cd890942b3a0dd7325ccd894cdb24715840ea"
    total_supply:
      value: "751500000000000000"
validators:
  total_stake: 1500000000000000
  active_validators:
    - metadata:
        iota_address: "0xb877dacaef0724a0a155ad7c6ae1289580b96646aef3caafd6ebcb1bcf8bd13f"
        authority_pubkey_bytes:
          - 153
          - 242
          - 94
          - 246
          - 31
          - 128
          - 50
          - 185
          - 20
          - 99
          - 100
          - 96
          - 152
          - 44
          - 92
          - 198
          - 241
          - 52
          - 239
          - 29
          - 218
          - 231
          - 102
          - 87
          - 242
          - 203
          - 254
          - 193
          - 235
          - 252
          - 141
          - 9
          - 115
          - 116
          - 8
          - 13
          - 246
          - 252
          - 240
          - 220
          - 184
          - 188
          - 75
          - 13
          - 142
          - 10
          - 245
          - 216
          - 14
          - 187
          - 255
          - 43
          - 76
          - 89
          - 159
          - 84
          - 244
          - 45
          - 99
          - 18
          - 223
          - 195
          - 20
          - 39
          - 96
          - 120
          - 193
          - 204
          - 52
          - 126
          - 187
          - 190
          - 197
          - 25
          - 139
          - 226
          - 88
          - 81
          - 63
          - 56
          - 107
          - 147
          - 13
          - 2
          - 194
          - 116
          - 154
          - 128
          - 62
          - 35
          - 48
          - 149
          - 94
          - 189
          - 26
          - 16
        network_pubkey_bytes:
          - 148
          - 228
          - 168
          - 73
          - 49
          - 68
          - 233
          - 230
          - 150
          - 32
          - 140
          - 190
          - 208
          - 2
          - 89
          - 230
          - 221
          - 181
          - 111
          - 151
          - 155
          - 145
          - 195
          - 41
          - 103
          - 86
          - 9
          - 133
          - 190
          - 97
          - 144
          - 155
        protocol_pubkey_bytes:
          - 31
          - 42
          - 121
          - 1
          - 168
          - 66
          - 228
          - 211
          - 98
          - 59
          - 198
          - 28
          - 225
          - 193
          - 113
          - 125
          - 46
          - 118
          - 142
          - 15
          - 215
          - 45
          - 248
          - 52
          - 26
          - 245
          - 102
          - 21
          - 185
          - 22
          - 240
          - 56
        proof_of_possession_bytes:
          - 185
          - 60
          - 204
          - 156
          - 218
          - 197
          - 31
          - 107
          - 109
          - 84
          - 191
          - 98
          - 196
          - 9
          - 17
          - 141
          - 243
          - 38
          - 4
          - 23
          - 37
          - 149
          - 114
          - 51
          - 168
          - 186
          - 243
          - 141
          - 189
          - 48
          - 40
          - 187
          - 147
          - 104
          - 20
          - 211
          - 60
          - 160
          - 197
          - 136
          - 139
          - 70
          - 112
          - 193
          - 80
          - 163
          - 186
          - 226
        name: "0"
        description: ""
        image_url: ""
        project_url: ""
        net_address: /ip4/127.0.0.1/tcp/80
        p2p_address: /ip4/127.0.0.1/udp/80
        primary_address: /ip4/127.0.0.1/udp/80
        next_epoch_authority_pubkey_bytes: ~
        next_epoch_proof_of_possession: ~
        next_epoch_network_pubkey_bytes: ~
        next_epoch_protocol_pubkey_bytes: ~
        next_epoch_net_address: ~
        next_epoch_p2p_address: ~
        next_epoch_primary_address: ~
        extra_fields:
          id:
            id: "0x6465cd0e4fa0e475c401200872d3468fbe212b4467f79322834f8091beaa947a"
          size: 0
      voting_power: 10000
      operation_cap_id: "0xc90bf05042f71af6c53a22de2ee9ad9780cb5b56cf4282495e70248b70f26a3c"
      gas_price: 1000
      staking_pool:
        id: "0xb05d173c1c49da86a4e2b552d971881eeb3856bff7a4fb90417885c816a54f5d"
        activation_epoch: 0
        deactivation_epoch: ~
        iota_balance: 1500000000000000
        rewards_pool:
          value: 0
        pool_token_balance: 1500000000000000
        exchange_rates:
          id: "0xb285c13f58424989dfa71000747580719caf0a80021f6e49b7c710d34272fc0a"
          size: 1
        pending_stake: 0
        pending_total_iota_withdraw: 0
        pending_pool_token_withdraw: 0
        extra_fields:
          id:
            id: "0x7b1b887b6b52311a8428c9e0a35133e51ff3d000145ff3f5211fa272ca051913"
          size: 0
      commission_rate: 200
      next_epoch_stake: 1500000000000000
      next_epoch_gas_price: 1000
      next_epoch_commission_rate: 200
      extra_fields:
        id:
          id: "0xe3bb96359e67af8c3c5d7c6b1b4ab1f1162c3cf116469d22ed10a600c2a2ac69"
        size: 0
  pending_active_validators:
    contents:
      id: "0x7b5c5e24eaed7429717531213b5efca5933b2e4ff19c471e2ea0d523e9c507d5"
      size: 0
  pending_removals: []
  staking_pool_mappings:
    id: "0x48372cd8998d0c2fec8700b86181900557c38204a2d8e3b8998f09ce9ad68e31"
    size: 1
  inactive_validators:
    id: "0xda335ed7183ef2fc9cb0530600fb215385063d6d29bf13a2ab54cdfc1050a2f8"
    size: 0
  validator_candidates:
    id: "0x597dab7bac48671c68e0acc1ceb1932847e05ea0c5f2a343ceb89a4d918b45a7"
    size: 0
  at_risk_validators:
    contents: []
  extra_fields:
    id:
      id: "0x9f50597996a8ff35f6ff12f1150a72fc630cf3a7402725c5f65ed10bc6fd9155"
    size: 0
storage_fund:
  total_object_storage_rebates:
    value: 0
  non_refundable_balance:
    value: 0
parameters:
  epoch_duration_ms: 86400000
  min_validator_count: 4
  max_validator_count: 150
  min_validator_joining_stake: 2000000000000000
  validator_low_stake_threshold: 1500000000000000
  validator_very_low_stake_threshold: 1000000000000000
  validator_low_stake_grace_period: 7
  extra_fields:
    id:
      id: "0xc5ec95572fbf2519be45f92c5bd1532e58d15cc16f5b1d553f3d79d00d0c999c"
    size: 0
iota_system_admin_cap:
  dummy_field: false
reference_gas_price: 1000
validator_report_records:
  contents: []
safe_mode: false
safe_mode_storage_charges:
  value: 0
safe_mode_computation_rewards:
  value: 0
safe_mode_storage_rebates: 0
safe_mode_non_refundable_storage_fee: 0
epoch_start_timestamp_ms: 10
extra_fields:
  id:
    id: "0x5b7bd92d12e8c32294cadc987196c73f436df23e1ee7ae94d85d0ee0e85a827c"
  size: 0
